Component: ARM Compiler 5.06 update 6 (build 750) Tool: armlink [4d35ed]

==============================================================================

Section Cross References

    app.o(.text) refers to sysctl.o(.text) for SysCtlPeripheralEnable
    app.o(.text) refers to timer.o(.text) for TimerConfigure
    app.o(.text) refers to interrupt.o(.text) for IntEnable
    app.o(.text) refers to uart.o(.text) for UARTCharPut
    app.o(.text) refers to gpio.o(.text) for GPIOPinConfigure
    app.o(.text) refers to sysctl.o(.emb_text) for SysCtlDelay
    app.o(.text) refers to memcpya.o(.text) for __aeabi_memcpy
    app.o(.text) refers to memseta.o(.text) for __aeabi_memclr
    app.o(.text) refers to printfa.o(i.__0sprintf) for __2sprintf
    app.o(.text) refers to i2c.o(.text) for I2CMasterBusy
    app.o(.text) refers to app.o(.bss) for .bss
    app.o(.text) refers to app.o(.data) for .data
    app.o(.text) refers to app.o(.constdata) for .constdata
    app.o(.text) refers to printfa.o(i.__0snprintf) for __2snprintf
    app.o(.text) refers to adc.o(.text) for ADCSequenceConfigure
    app.o(.text) refers to dfltui.o(.text) for __aeabi_ui2d
    app.o(.text) refers to dmul.o(.text) for __aeabi_dmul
    app.o(.text) refers to dscalb.o(.text) for __ARM_scalbn
    app.o(.text) refers to dadd.o(.text) for __aeabi_drsub
    app.o(.text) refers to d2f.o(.text) for __aeabi_d2f
    app.o(.text) refers to f2d.o(.text) for __aeabi_f2d
    app.o(.constdata) refers to app.o(.conststring) for .conststring
    bsp.o(.text) refers to bsp_int.o(.text) for BSP_IntInit
    bsp.o(.text) refers to bsp_sys.o(.text) for BSP_SysInit
    bsp.o(.text) refers to bsp_led.o(.text) for BSP_LED_Init
    bsp.o(.text) refers to sysctl.o(.text) for SysCtlPeripheralEnable
    bsp.o(.text) refers to gpio.o(.text) for GPIOPinConfigure
    bsp.o(.text) refers to uartstdio.o(.text) for UARTStdioConfig
    bsp.o(.text) refers to printfa.o(i.__0sprintf) for __2sprintf
    bsp_int.o(.text) refers to cpu_c.o(.text) for CPU_IntSrcDis
    bsp_int.o(.text) refers to cpu_a.o(.text) for CPU_IntDis
    bsp_int.o(.text) refers to os_core.o(.text) for OSIntEnter
    bsp_int.o(.text) refers to bsp_int.o(.bss) for .bss
    bsp_sys.o(.text) refers to sysctl.o(.text) for SysCtlClockSet
    cpu_bsp.o(.text) refers to bsp_sys.o(.text) for BSP_SysClkFreqGet
    cpu_bsp.o(.text) refers to cpu_core.o(.text) for CPU_TS_TmrFreqSet
    cpu_bsp.o(.text) refers to uldiv.o(.text) for __aeabi_uldivmod
    cstartup.o(RESET) refers to cstartup.o(STACK) for __initial_sp
    cstartup.o(RESET) refers to cstartup.o(.text) for Reset_Handler
    cstartup.o(RESET) refers to os_cpu_a.o(.text) for OS_CPU_PendSVHandler
    cstartup.o(RESET) refers to os_cpu_c.o(.text) for OS_CPU_SysTickHandler
    cstartup.o(RESET) refers to bsp_int.o(.text) for BSP_IntHandlerGPIOA
    cstartup.o(.text) refers to entry.o(.ARM.Collect$$$$00000000) for __main
    cpu_core.o(.text) refers to cpu_a.o(.text) for CPU_SR_Save
    cpu_core.o(.text) refers to lib_mem.o(.text) for Mem_Clr
    cpu_core.o(.text) refers to cpu_bsp.o(.text) for CPU_TS_TmrInit
    cpu_core.o(.text) refers to lib_str.o(.text) for Str_Copy_N
    cpu_core.o(.text) refers to cpu_core.o(.bss) for .bss
    cpu_core.o(.text) refers to cpu_core.o(.data) for .data
    cpu_core.o(.text) refers to cpu_core.o(.constdata) for .constdata
    cpu_c.o(.text) refers to cpu_a.o(.text) for CPU_SR_Save
    lib_math.o(.text) refers to cpu_a.o(.text) for CPU_SR_Save
    lib_math.o(.text) refers to lib_math.o(.data) for .data
    lib_mem.o(.text) refers to lib_mem_a.o(.text) for Mem_Copy
    lib_mem.o(.text) refers to cpu_core.o(.text) for CPU_SW_Exception
    lib_mem.o(.text) refers to cpu_a.o(.text) for CPU_SR_Save
    lib_mem.o(.text) refers to lib_mem.o(.bss) for .bss
    lib_mem.o(.text) refers to lib_mem.o(.data) for .data
    lib_str.o(.text) refers to lib_ascii.o(.text) for ASCII_ToLower
    lib_str.o(.text) refers to lib_str.o(.constdata) for .constdata
    os_core.o(.text) refers to os_cpu_a.o(.text) for OS_CPU_SR_Save
    os_core.o(.text) refers to os_task.o(.text) for OSTaskStkChk
    os_core.o(.text) refers to os_time.o(.text) for OSTimeDly
    os_core.o(.text) refers to os_cpu_c.o(.text) for OSTaskStatHook
    os_core.o(.text) refers to os_flag.o(.text) for OS_FlagInit
    os_core.o(.text) refers to os_mem.o(.text) for OS_MemInit
    os_core.o(.text) refers to os_core.o(.data) for .data
    os_core.o(.text) refers to os_core.o(.bss) for .bss
    os_core.o(.text) refers to os_dbg.o(.text) for OSDebugInit
    os_core.o(.text) refers to os_core.o(.constdata) for .constdata
    os_flag.o(.text) refers to os_cpu_a.o(.text) for OS_CPU_SR_Save
    os_flag.o(.text) refers to os_core.o(.text) for OS_Sched
    os_flag.o(.text) refers to os_core.o(.data) for OSIntNesting
    os_flag.o(.text) refers to os_core.o(.data) for OSFlagFreeList
    os_flag.o(.text) refers to os_core.o(.bss) for OSFlagTbl
[...]
    ..\..\..\..\..\uCOS-II\Source\os_mutex.c 0x00000000   Number         0  os_mutex.o ABSOLUTE
    ..\..\..\..\..\uCOS-II\Source\os_q.c     0x00000000   Number         0  os_q.o ABSOLUTE
    ..\..\..\..\..\uCOS-II\Source\os_sem.c   0x00000000   Number         0  os_sem.o ABSOLUTE
    ..\..\..\..\..\uCOS-II\Source\os_task.c  0x00000000   Number         0  os_task.o ABSOLUTE
    ..\..\..\..\..\uCOS-II\Source\os_time.c  0x00000000   Number         0  os_time.o ABSOLUTE
    ..\..\..\..\..\uCOS-II\Source\os_tmr.c   0x00000000   Number         0  os_tmr.o ABSOLUTE
    ..\..\BSP\KeilMDK\cstartup.s             0x00000000   Number         0  cstartup.o ABSOLUTE
    ..\..\BSP\bsp.c                          0x00000000   Number         0  bsp.o ABSOLUTE
    ..\..\BSP\bsp_int.c                      0x00000000   Number         0  bsp_int.o ABSOLUTE
    ..\..\BSP\bsp_led.c                      0x00000000   Number         0  bsp_led.o ABSOLUTE
    ..\..\BSP\bsp_sys.c                      0x00000000   Number         0  bsp_sys.o ABSOLUTE
    ..\..\BSP\cpu_bsp.c                      0x00000000   Number         0  cpu_bsp.o ABSOLUTE
    ..\..\BSP\driverlib\adc.c                0x00000000   Number         0  adc.o ABSOLUTE
    ..\..\BSP\driverlib\can.c                0x00000000   Number         0  can.o ABSOLUTE
    ..\..\BSP\driverlib\comp.c               0x00000000   Number         0  comp.o ABSOLUTE
    ..\..\BSP\driverlib\cpu.c                0x00000000   Number         0  cpu.o ABSOLUTE
    ..\..\BSP\driverlib\eeprom.c             0x00000000   Number         0  eeprom.o ABSOLUTE
    ..\..\BSP\driverlib\flash.c              0x00000000   Number         0  flash.o ABSOLUTE
    ..\..\BSP\driverlib\fpu.c                0x00000000   Number         0  fpu.o ABSOLUTE
    ..\..\BSP\driverlib\gpio.c               0x00000000   Number         0  gpio.o ABSOLUTE
    ..\..\BSP\driverlib\hibernate.c          0x00000000   Number         0  hibernate.o ABSOLUTE
    ..\..\BSP\driverlib\i2c.c                0x00000000   Number         0  i2c.o ABSOLUTE
    ..\..\BSP\driverlib\interrupt.c          0x00000000   Number         0  interrupt.o ABSOLUTE
    ..\..\BSP\driverlib\mpu.c                0x00000000   Number         0  mpu.o ABSOLUTE
    ..\..\BSP\driverlib\pwm.c                0x00000000   Number         0  pwm.o ABSOLUTE
    ..\..\BSP\driverlib\qei.c                0x00000000   Number         0  qei.o ABSOLUTE
    ..\..\BSP\driverlib\ssi.c                0x00000000   Number         0  ssi.o ABSOLUTE
    ..\..\BSP\driverlib\sw_crc.c             0x00000000   Number         0  sw_crc.o ABSOLUTE
    ..\..\BSP\driverlib\sysctl.c             0x00000000   Number         0  sysctl.o ABSOLUTE
    ..\..\BSP\driverlib\sysexc.c             0x00000000   Number         0  sysexc.o ABSOLUTE
    ..\..\BSP\driverlib\systick.c            0x00000000   Number         0  systick.o ABSOLUTE
    ..\..\BSP\driverlib\timer.c              0x00000000   Number         0  timer.o ABSOLUTE
    ..\..\BSP\driverlib\uart.c               0x00000000   Number         0  uart.o ABSOLUTE
    ..\..\BSP\driverlib\udma.c               0x00000000   Number         0  udma.o ABSOLUTE
    ..\..\BSP\driverlib\usb.c                0x00000000   Number         0  usb.o ABSOLUTE
    ..\..\BSP\driverlib\watchdog.c           0x00000000   Number         0  watchdog.o ABSOLUTE
    ..\..\BSP\utils\uartstdio.c              0x00000000   Number         0  uartstdio.o ABSOLUTE
    ..\\..\\BSP\\driverlib\\cpu.c            0x00000000   Number         0  cpu.o ABSOLUTE
    ..\\..\\BSP\\driverlib\\sysctl.c         0x00000000   Number         0  sysctl.o ABSOLUTE
    ..\app.c                                 0x00000000   Number         0  app.o ABSOLUTE
    ..\app_hooks.c                           0x00000000   Number         0  app_hooks.o ABSOLUTE
    cdrcmple.s                               0x00000000   Number         0  cdrcmple.o ABSOLUTE
    dc.s                                     0x00000000   Number         0  dc.o ABSOLUTE
    handlers.s                               0x00000000   Number         0  handlers.o ABSOLUTE
    init.s                                   0x00000000   Number         0  init.o ABSOLUTE
    .ARM.Collect$$$$00000000                 0x00000200   Section        0  entry.o(.ARM.Collect$$$$00000000)
    .ARM.Collect$$$$00000001                 0x00000200   Section        4  entry2.o(.ARM.Collect$$$$00000001)
    .ARM.Collect$$$$00000004                 0x00000204   Section        4  entry5.o(.ARM.Collect$$$$00000004)
    .ARM.Collect$$$$00000008                 0x00000208   Section        0  entry7b.o(.ARM.Collect$$$$00000008)
    .ARM.Collect$$$$0000000A                 0x00000208   Section        0  entry8b.o(.ARM.Collect$$$$0000000A)
    .ARM.Collect$$$$0000000B                 0x00000208   Section        8  entry9a.o(.ARM.Collect$$$$0000000B)
    .ARM.Collect$$$$0000000D                 0x00000210   Section        0  entry10a.o(.ARM.Collect$$$$0000000D)
    .ARM.Collect$$$$0000000F                 0x00000210   Section        0  entry11a.o(.ARM.Collect$$$$0000000F)
    .ARM.Collect$$$$00002712                 0x00000210   Section        4  entry2.o(.ARM.Collect$$$$00002712)
    __lit__00000000                          0x00000210   Data           4  entry2.o(.ARM.Collect$$$$00002712)
    .emb_text                                0x00000214   Section       38  cpu.o(.emb_text)
    .emb_text                                0x0000023c   Section        6  sysctl.o(.emb_text)
    .text                                    0x00000244   Section        0  app.o(.text)
    .text                                    0x00000ba8   Section        0  app_hooks.o(.text)
    .text                                    0x00000bb8   Section        0  bsp_int.o(.text)
    BSP_IntHandlerDummy                      0x00000bf9   Thumb Code     2  bsp_int.o(.text)
    .text                                    0x00000e00   Section       24  cstartup.o(.text)
    .text                                    0x00000e18   Section       52  cpu_a.o(.text)
    .text                                    0x00000e4c   Section        0  cpu_c.o(.text)
    .text                                    0x000011c8   Section        0  os_core.o(.text)
    OS_SchedNew                              0x000019b7   Thumb Code    82  os_core.o(.text)
    OS_InitEventList                         0x00001a09   Thumb Code    74  os_core.o(.text)
    OS_InitTCBList                           0x00001a53   Thumb Code    96  os_core.o(.text)
    OS_InitMisc                              0x00001ab3   Thumb Code    28  os_core.o(.text)
    .text                                    0x00001ae4   Section        0  os_flag.o(.text)
    OS_FlagTaskRdy                           0x00001be3   Thumb Code    70  os_flag.o(.text)
    OS_FlagBlock                             0x00001d59   Thumb Code    86  os_flag.o(.text)
    .text                                    0x00002078   Section        0  os_mem.o(.text)
    .text                                    0x00002204   Section        0  os_task.o(.text)
    .text                                    0x000028f8   Section        0  os_time.o(.text)
    .text                                    0x00002a58   Section      176  os_cpu_a.o(.text)
    .text                                    0x00002b08   Section        0  os_cpu_c.o(.text)
    .text                                    0x00002c08   Section        0  os_dbg.o(.text)
    .text                                    0x00002c0c   Section        0  adc.o(.text)
    .text                                    0x00002ee0   Section        0  gpio.o(.text)
    _GPIOIntNumberGet                        0x000033df   Thumb Code    36  gpio.o(.text)
    .text                                    0x0000340c   Section        0  i2c.o(.text)
    _I2CIntNumberGet                         0x0000360d   Thumb Code    34  i2c.o(.text)
    .text                                    0x00003640   Section        0  interrupt.o(.text)
    _IntDefaultHandler                       0x00003641   Thumb Code     2  interrupt.o(.text)
    .text                                    0x000038a8   Section        0  sysctl.o(.text)
    .text                                    0x00003e04   Section        0  timer.o(.text)
    _TimerIntNumberGet                       0x00003fe5   Thumb Code    42  timer.o(.text)
    .text                                    0x00004014   Section        0  uart.o(.text)
    _UARTIntNumberGet                        0x0000429f   Thumb Code    34  uart.o(.text)
    .text                                    0x000042c4   Section        0  uldiv.o(.text)
    .text                                    0x00004326   Section        0  memcpya.o(.text)
    .text                                    0x0000434a   Section        0  memseta.o(.text)
    .text                                    0x0000436e   Section        0  dadd.o(.text)
    .text                                    0x000044bc   Section        0  dmul.o(.text)
    .text                                    0x000045a0   Section        0  dscalb.o(.text)
    .text                                    0x000045ce   Section        0  dfltui.o(.text)
    .text                                    0x000045e8   Section        0  f2d.o(.text)
    .text                                    0x0000460e   Section        0  d2f.o(.text)
    .text                                    0x00004646   Section        0  uidiv.o(.text)
    .text                                    0x00004672   Section        0  llshl.o(.text)
    .text                                    0x00004690   Section        0  llushr.o(.text)
    .text                                    0x000046b0   Section        0  llsshr.o(.text)
    .text                                    0x000046d4   Section        0  iusefp.o(.text)
    .text                                    0x000046d4   Section        0  fepilogue.o(.text)
    .text                                    0x00004742   Section        0  depilogue.o(.text)
    .text                                    0x000047fc   Section        0  ddiv.o(.text)
    .text                                    0x000048da   Section        0  dfixul.o(.text)
    .text                                    0x0000490c   Section       48  cdrcmple.o(.text)
    .text                                    0x0000493c   Section       36  init.o(.text)
    .text                                    0x00004960   Section        0  __dczerorl.o(.text)
    i.__0snprintf                            0x0000499c   Section        0  printfa.o(i.__0snprintf)
    i.__0sprintf                             0x000049cc   Section        0  printfa.o(i.__0sprintf)
    i.__scatterload_copy                     0x000049f4   Section       14  handlers.o(i.__scatterload_copy)
    i.__scatterload_null                     0x00004a02   Section        2  handlers.o(i.__scatterload_null)
    i.__scatterload_zeroinit                 0x00004a04   Section       14  handlers.o(i.__scatterload_zeroinit)
    i._fp_digits                             0x00004a14   Section        0  printfa.o(i._fp_digits)
    _fp_digits                               0x00004a15   Thumb Code   366  printfa.o(i._fp_digits)
    i._printf_core                           0x00004b98   Section        0  printfa.o(i._printf_core)
    _printf_core                             0x00004b99   Thumb Code  1744  printfa.o(i._printf_core)
    i._printf_post_padding                   0x00005274   Section        0  printfa.o(i._printf_post_padding)
    _printf_post_padding                     0x00005275   Thumb Code    36  printfa.o(i._printf_post_padding)
    i._printf_pre_padding                    0x00005298   Section        0  printfa.o(i._printf_pre_padding)
    _printf_pre_padding                      0x00005299   Thumb Code    46  printfa.o(i._printf_pre_padding)
    i._snputc                                0x000052c6   Section        0  printfa.o(i._snputc)
    _snputc                                  0x000052c7   Thumb Code    22  printfa.o(i._snputc)
    i._sputc                                 0x000052dc   Section        0  printfa.o(i._sputc)
    _sputc                                   0x000052dd   Thumb Code    10  printfa.o(i._sputc)
    .constdata                               0x000052e8   Section       16  app.o(.constdata)
    .constdata                               0x000052f8   Section      256  os_core.o(.constdata)
    .constdata                               0x000053f8   Section      312  gpio.o(.constdata)
    g_ppui32GPIOIntMapBlizzard               0x000053f8   Data         192  gpio.o(.constdata)
    g_pui32GPIOBaseAddrs                     0x000054b8   Data         120  gpio.o(.constdata)
    .constdata                               0x00005530   Section       48  i2c.o(.constdata)
    g_ppui32I2CIntMap                        0x00005530   Data          48  i2c.o(.constdata)
    .constdata                               0x00005560   Section      268  interrupt.o(.constdata)
    g_pui32Priority                          0x00005560   Data          32  interrupt.o(.constdata)
    g_pui32Regs                              0x00005580   Data         156  interrupt.o(.constdata)
    g_pui32EnRegs                            0x0000561c   Data          20  interrupt.o(.constdata)
    g_pui32Dii16Regs                         0x00005630   Data          20  interrupt.o(.constdata)
    g_pui32PendRegs                          0x00005644   Data          20  interrupt.o(.constdata)
    g_pui32UnpendRegs                        0x00005658   Data          20  interrupt.o(.constdata)
    .constdata                               0x0000566c   Section      108  sysctl.o(.constdata)
    g_pui32Xtals                             0x0000566c   Data         108  sysctl.o(.constdata)
    .constdata                               0x000056d8   Section       96  timer.o(.constdata)
    g_ppui32TimerIntMap                      0x000056d8   Data          96  timer.o(.constdata)
    .constdata                               0x00005738   Section       64  uart.o(.constdata)
    g_ppui32UARTIntMap                       0x00005738   Data          64  uart.o(.constdata)
    .conststring                             0x00005778   Section       73  app.o(.conststring)
    .data                                    0x20000000   Section       16  app.o(.data)
    .data                                    0x20000010   Section       60  os_core.o(.data)
    .data                                    0x2000004c   Section        4  os_core.o(.data)
    .data                                    0x20000050   Section        4  os_core.o(.data)
    .data                                    0x20000054   Section        4  os_cpu_c.o(.data)
    .data                                    0x20000058   Section        3  adc.o(.data)
    g_pui8OversampleFactor                   0x20000058   Data           3  adc.o(.data)
    vtable                                   0x20000400   Section      620  interrupt.o(vtable)
    g_pfnRAMVectors                          0x20000400   Data         620  interrupt.o(vtable)
    .bss                                     0x2000066c   Section     5000  app.o(.bss)
    .bss                                     0x200019f4   Section      448  bsp_int.o(.bss)
    BSP_IntVectTbl                           0x200019f4   Data         448  bsp_int.o(.bss)
    .bss                                     0x20001bb4   Section     3456  os_core.o(.bss)
    .bss                                     0x20002934   Section       80  os_core.o(.bss)
    .bss                                     0x20002984   Section      120  os_core.o(.bss)
    .bss                                     0x200029fc   Section      512  os_cpu_c.o(.bss)
    STACK                                    0x20002c00   Section      512  cstartup.o(STACK)

    Global Symbols

    Symbol Name                              Value     Ov Type        Size  Object(Section)

    BuildAttributes$$THM_ISAv4$E$P$D$K$B$S$7EM$PE$A:L22UL41UL21$X:L11$S22US41US21$IEEE1$IW$USESV6$~STKCKD$USESV7$~SHL$OTIME$ROPI$EBA8$MICROLIB$REQ8$PRES8$EABIv2 0x00000000   Number         0  anon$$obj.o ABSOLUTE
    __ARM_use_no_argv                        0x00000000   Number         0  app.o ABSOLUTE
    __Vectors                                0x00000000   Data           4  cstartup.o(RESET)
    _printf_a                                0x00000000   Number         0  stubs.o ABSOLUTE
    _printf_c                                0x00000000   Number         0  stubs.o ABSOLUTE
    _printf_charcount                        0x00000000   Number         0  stubs.o ABSOLUTE
    _printf_d                                0x00000000   Number         0  stubs.o ABSOLUTE
    _printf_e                                0x00000000   Number         0  stubs.o ABSOLUTE
    _printf_f                                0x00000000   Number         0  stubs.o ABSOLUTE
    _printf_flags                            0x00000000   Number         0  stubs.o ABSOLUTE
    _printf_fp_dec                           0x00000000   Number         0  stubs.o ABSOLUTE
    _printf_fp_hex                           0x00000000   Number         0  stubs.o ABSOLUTE
    _printf_g                                0x00000000   Number         0  stubs.o ABSOLUTE
    _printf_i                                0x00000000   Number         0  stubs.o ABSOLUTE
    _printf_int_dec                          0x00000000   Number         0  stubs.o ABSOLUTE
    _printf_l                                0x00000000   Number         0  stubs.o ABSOLUTE
    _printf_lc                               0x00000000   Number         0  stubs.o ABSOLUTE
    _printf_ll                               0x00000000   Number         0  stubs.o ABSOLUTE
    _printf_lld                              0x00000000   Number         0  stubs.o ABSOLUTE
    _printf_lli                              0x00000000   Number         0  stubs.o ABSOLUTE
    _printf_llo                              0x00000000   Number         0  stubs.o ABSOLUTE
    _printf_llu                              0x00000000   Number         0  stubs.o ABSOLUTE
    _printf_llx                              0x00000000   Number         0  stubs.o ABSOLUTE
    _printf_longlong_dec                     0x00000000   Number         0  stubs.o ABSOLUTE
    _printf_longlong_hex                     0x00000000   Number         0  stubs.o ABSOLUTE
    _printf_longlong_oct                     0x00000000   Number         0  stubs.o ABSOLUTE
    _printf_ls                               0x00000000   Number         0  stubs.o ABSOLUTE
    _printf_mbtowc                           0x00000000   Number         0  stubs.o ABSOLUTE
    _printf_n                                0x00000000   Number         0  stubs.o ABSOLUTE
    _printf_o                                0x00000000   Number         0  stubs.o ABSOLUTE
    _printf_p                                0x00000000   Number         0  stubs.o ABSOLUTE
    _printf_percent                          0x00000000   Number         0  stubs.o ABSOLUTE
    _printf_pre_padding                      0x00000000   Number         0  stubs.o ABSOLUTE
    _printf_return_value                     0x00000000   Number         0  stubs.o ABSOLUTE
    _printf_s                                0x00000000   Number         0  stubs.o ABSOLUTE
    _printf_sizespec                         0x00000000   Number         0  stubs.o ABSOLUTE
    _printf_str                              0x00000000   Number         0  stubs.o ABSOLUTE
    _printf_truncate_signed                  0x00000000   Number         0  stubs.o ABSOLUTE
    _printf_truncate_unsigned                0x00000000   Number         0  stubs.o ABSOLUTE
    _printf_u                                0x00000000   Number         0  stubs.o ABSOLUTE
    _printf_wc                               0x00000000   Number         0  stubs.o ABSOLUTE
    _printf_wctomb                           0x00000000   Number         0  stubs.o ABSOLUTE
    _printf_widthprec                        0x00000000   Number         0  stubs.o ABSOLUTE
    _printf_x                                0x00000000   Number         0  stubs.o ABSOLUTE
    __cpp_initialize__aeabi_                  - Undefined Weak Reference
    __cxa_finalize                            - Undefined Weak Reference
    _clock_init                               - Undefined Weak Reference
    _microlib_exit                            - Undefined Weak Reference
    __Vectors_End                            0x00000200   Data           0  cstartup.o(RESET)
    __Vectors_Size                           0x00000200   Number         0  cstartup.o ABSOLUTE
    __main                                   0x00000201   Thumb Code     0  entry.o(.ARM.Collect$$$$00000000)
    _main_stk                                0x00000201   Thumb Code     0  entry2.o(.ARM.Collect$$$$00000001)
    _main_scatterload                        0x00000205   Thumb Code     0  entry5.o(.ARM.Collect$$$$00000004)
    __main_after_scatterload                 0x00000209   Thumb Code     0  entry5.o(.ARM.Collect$$$$00000004)
    _main_clock                              0x00000209   Thumb Code     0  entry7b.o(.ARM.Collect$$$$00000008)
    _main_cpp_init                           0x00000209   Thumb Code     0  entry8b.o(.ARM.Collect$$$$0000000A)
    _main_init                               0x00000209   Thumb Code     0  entry9a.o(.ARM.Collect$$$$0000000B)
    __rt_final_cpp                           0x00000211   Thumb Code     0  entry10a.o(.ARM.Collect$$$$0000000D)
    __rt_final_exit                          0x00000211   Thumb Code     0  entry11a.o(.ARM.Collect$$$$0000000F)
    CPUcpsid                                 0x00000215   Thumb Code     8  cpu.o(.emb_text)
    CPUprimask                               0x0000021d   Thumb Code     6  cpu.o(.emb_text)
    CPUcpsie                                 0x00000223   Thumb Code     8  cpu.o(.emb_text)
    CPUwfi                                   0x0000022b   Thumb Code     4  cpu.o(.emb_text)
    CPUbasepriSet                            0x0000022f   Thumb Code     6  cpu.o(.emb_text)
    CPUbasepriGet                            0x00000235   Thumb Code     6  cpu.o(.emb_text)
    SysCtlDelay                              0x0000023d   Thumb Code     6  sysctl.o(.emb_text)
    SetupTimer                               0x00000245   Thumb Code    60  app.o(.text)
    UARTStringSend                           0x00000281   Thumb Code    24  app.o(.text)
    UART1IntHandler                          0x00000299   Thumb Code    92  app.o(.text)
    InitializeSystemClock                    0x000002f5   Thumb Code     6  app.o(.text)
    InitializeUART0                          0x000002fb   Thumb Code    84  app.o(.text)
    InitializeUART1                          0x0000034f   Thumb Code   120  app.o(.text)
    Delay                                    0x000003c7   Thumb Code    18  app.o(.text)
    send_AT_Command                          0x000003d9   Thumb Code   122  app.o(.text)
    set_up_server                            0x00000453   Thumb Code    32  app.o(.text)
    exit_wifi_passthrough_mode               0x00000473   Thumb Code    40  app.o(.text)
    send_data_to_ip                          0x0000049b   Thumb Code    38  app.o(.text)
    setUpWifi                                0x000004c1   Thumb Code   164  app.o(.text)
    UARTPrint                                0x00000565   Thumb Code    24  app.o(.text)
    I2CWrite                                 0x0000057d   Thumb Code    90  app.o(.text)
    I2C1_read                                0x000005d7   Thumb Code   402  app.o(.text)
    I2CReadSingleByte                        0x00000769   Thumb Code    98  app.o(.text)
    InitI2C1                                 0x000007cb   Thumb Code    76  app.o(.text)
    TSL2591_enable                           0x00000817   Thumb Code   140  app.o(.text)
    TSL2591_Init                             0x000008a3   Thumb Code    70  app.o(.text)
    ReadLightSensorData                      0x000008e9   Thumb Code    22  app.o(.text)
    ReadSensor                               0x000008ff   Thumb Code    54  app.o(.text)
    InitializeADC0                           0x00000935   Thumb Code    54  app.o(.text)
    ReadADC0                                 0x0000096b   Thumb Code    40  app.o(.text)
    ConvertADCToTemperature                  0x00000993   Thumb Code    38  app.o(.text)
    ConvertTemperatureToString               0x000009b9   Thumb Code    26  app.o(.text)
    ReadTemps                                0x000009d3   Thumb Code    48  app.o(.text)
    main                                     0x00000a03   Thumb Code   116  app.o(.text)
    App_TaskCreateHook                       0x00000ba9   Thumb Code     2  app_hooks.o(.text)
    App_TaskDelHook                          0x00000bab   Thumb Code     2  app_hooks.o(.text)
    App_TaskIdleHook                         0x00000bad   Thumb Code     2  app_hooks.o(.text)
    App_TaskStatHook                         0x00000baf   Thumb Code     2  app_hooks.o(.text)
    App_TaskReturnHook                       0x00000bb1   Thumb Code     2  app_hooks.o(.text)
    App_TaskSwHook                           0x00000bb3   Thumb Code     2  app_hooks.o(.text)
    App_TCBInitHook                          0x00000bb5   Thumb Code     2  app_hooks.o(.text)
    App_TimeTickHook                         0x00000bb7   Thumb Code     2  app_hooks.o(.text)
    BSP_IntClr                               0x00000bb9   Thumb Code     2  bsp_int.o(.text)
    BSP_IntDis                               0x00000bbb   Thumb Code    14  bsp_int.o(.text)
    BSP_IntDisAll                            0x00000bc9   Thumb Code     4  bsp_int.o(.text)
    BSP_IntEn                                0x00000bcd   Thumb Code    14  bsp_int.o(.text)
    BSP_IntVectSet                           0x00000bdb   Thumb Code    30  bsp_int.o(.text)
    BSP_IntInit                              0x00000bfb   Thumb Code    20  bsp_int.o(.text)
    BSP_IntHandler                           0x00000c0f   Thumb Code    42  bsp_int.o(.text)
    BSP_IntHandlerGPIOA                      0x00000c39   Thumb Code     4  bsp_int.o(.text)
    BSP_IntHandlerGPIOB                      0x00000c3d   Thumb Code     4  bsp_int.o(.text)
    BSP_IntHandlerGPIOC                      0x00000c41   Thumb Code     4  bsp_int.o(.text)
    BSP_IntHandlerGPIOD                      0x00000c45   Thumb Code     4  bsp_int.o(.text)
    BSP_IntHandlerGPIOE                      0x00000c49   Thumb Code     4  bsp_int.o(.text)
    BSP_IntHandlerUART0                      0x00000c4d   Thumb Code     4  bsp_int.o(.text)
    BSP_IntHandlerUART1                      0x00000c51   Thumb Code     4  bsp_int.o(.text)
    BSP_IntHandlerSSI0                       0x00000c55   Thumb Code     4  bsp_int.o(.text)
    BSP_IntHandlerI2C0                       0x00000c59   Thumb Code     4  bsp_int.o(.text)
    BSP_IntHandlerPWM_FAULT                  0x00000c5d   Thumb Code     4  bsp_int.o(.text)
    BSP_IntHandlerPWM_GEN0                   0x00000c61   Thumb Code     4  bsp_int.o(.text)
    BSP_IntHandlerPWM_GEN1                   0x00000c65   Thumb Code     4  bsp_int.o(.text)
    BSP_IntHandlerPWM_GEN2                   0x00000c69   Thumb Code     4  bsp_int.o(.text)
    BSP_IntHandlerQEI0                       0x00000c6d   Thumb Code     4  bsp_int.o(.text)
    BSP_IntHandlerADC0_0                     0x00000c71   Thumb Code     4  bsp_int.o(.text)
    BSP_IntHandlerADC0_1                     0x00000c75   Thumb Code     4  bsp_int.o(.text)
    BSP_IntHandlerADC0_2                     0x00000c79   Thumb Code     4  bsp_int.o(.text)
    BSP_IntHandlerADC0_3                     0x00000c7d   Thumb Code     4  bsp_int.o(.text)
    BSP_IntHandlerWDTO_WDT1                  0x00000c81   Thumb Code     4  bsp_int.o(.text)
    BSP_IntHandlerTMR0A                      0x00000c85   Thumb Code     4  bsp_int.o(.text)
    BSP_IntHandlerTMR0B                      0x00000c89   Thumb Code     4  bsp_int.o(.text)
    BSP_IntHandlerTMR1A                      0x00000c8d   Thumb Code     4  bsp_int.o(.text)
    BSP_IntHandlerTMR1B                      0x00000c91   Thumb Code     4  bsp_int.o(.text)
    BSP_IntHandlerTMR2A                      0x00000c95   Thumb Code     4  bsp_int.o(.text)
    BSP_IntHandlerTMR2B                      0x00000c99   Thumb Code     4  bsp_int.o(.text)
    BSP_IntHandlerACOMP0                     0x00000c9d   Thumb Code     4  bsp_int.o(.text)
    BSP_IntHandlerACOMP1                     0x00000ca1   Thumb Code     4  bsp_int.o(.text)
    BSP_IntHandlerACOMP2                     0x00000ca5   Thumb Code     4  bsp_int.o(.text)
    BSP_IntHandlerSYS_CTRL                   0x00000ca9   Thumb Code     4  bsp_int.o(.text)
    BSP_IntHandlerFLASH                      0x00000cad   Thumb Code     4  bsp_int.o(.text)
    BSP_IntHandlerGPIOF                      0x00000cb1   Thumb Code     4  bsp_int.o(.text)
    BSP_IntHandlerGPIOG                      0x00000cb5   Thumb Code     4  bsp_int.o(.text)
    BSP_IntHandlerGPIOH                      0x00000cb9   Thumb Code     4  bsp_int.o(.text)
    BSP_IntHandlerUART2                      0x00000cbd   Thumb Code     4  bsp_int.o(.text)
    BSP_IntHandlerSSI1                       0x00000cc1   Thumb Code     4  bsp_int.o(.text)
    BSP_IntHandlerTMR3A                      0x00000cc5   Thumb Code     4  bsp_int.o(.text)
    BSP_IntHandlerTMR3B                      0x00000cc9   Thumb Code     4  bsp_int.o(.text)
    BSP_IntHandlerI2C1                       0x00000ccd   Thumb Code     4  bsp_int.o(.text)
    BSP_IntHandlerCAN0                       0x00000cd1   Thumb Code     4  bsp_int.o(.text)
    BSP_IntHandlerCAN1                       0x00000cd5   Thumb Code     4  bsp_int.o(.text)
    BSP_IntHandlerETHER_MAC                  0x00000cd9   Thumb Code     4  bsp_int.o(.text)
    BSP_IntHandlerHIB                        0x00000cdd   Thumb Code     4  bsp_int.o(.text)
    BSP_IntHandlerUSB_MAC                    0x00000ce1   Thumb Code     4  bsp_int.o(.text)
    BSP_IntHandlerPWM_GEN3                   0x00000ce5   Thumb Code     4  bsp_int.o(.text)
    BSP_IntHandlerUDMA0_SOFT                 0x00000ce9   Thumb Code     4  bsp_int.o(.text)
    BSP_IntHandlerUDAM0_ERR                  0x00000ced   Thumb Code     4  bsp_int.o(.text)
    BSP_IntHandlerADC1_0                     0x00000cf1   Thumb Code     4  bsp_int.o(.text)
    BSP_IntHandlerADC1_1                     0x00000cf5   Thumb Code     4  bsp_int.o(.text)
    BSP_IntHandlerADC1_2                     0x00000cf9   Thumb Code     4  bsp_int.o(.text)
    BSP_IntHandlerADC1_3                     0x00000cfd   Thumb Code     4  bsp_int.o(.text)
    BSP_IntHandlerEPI0                       0x00000d01   Thumb Code     4  bsp_int.o(.text)
    BSP_IntHandlerGPIOJ                      0x00000d05   Thumb Code     4  bsp_int.o(.text)
    BSP_IntHandlerGPIOK                      0x00000d09   Thumb Code     4  bsp_int.o(.text)
    BSP_IntHandlerGPIOL                      0x00000d0d   Thumb Code     4  bsp_int.o(.text)
    BSP_IntHandlerSSI2                       0x00000d11   Thumb Code     4  bsp_int.o(.text)
    BSP_IntHandlerSSI3                       0x00000d15   Thumb Code     4  bsp_int.o(.text)
    BSP_IntHandlerUART3                      0x00000d19   Thumb Code     4  bsp_int.o(.text)
    BSP_IntHandlerUART4                      0x00000d1d   Thumb Code     4  bsp_int.o(.text)
    BSP_IntHandlerUART5                      0x00000d21   Thumb Code     4  bsp_int.o(.text)
    BSP_IntHandlerUART6                      0x00000d25   Thumb Code     4  bsp_int.o(.text)
    BSP_IntHandlerUART7                      0x00000d29   Thumb Code     4  bsp_int.o(.text)
    BSP_IntHandlerI2C2                       0x00000d2d   Thumb Code     4  bsp_int.o(.text)
    BSP_IntHandlerI2C3                       0x00000d31   Thumb Code     4  bsp_int.o(.text)
    BSP_IntHandlerTMR4A                      0x00000d35   Thumb Code     4  bsp_int.o(.text)
    BSP_IntHandlerTMR4B                      0x00000d39   Thumb Code     4  bsp_int.o(.text)
    BSP_IntHandlerTMR5A                      0x00000d3d   Thumb Code     4  bsp_int.o(.text)
    BSP_IntHandlerTMR5B                      0x00000d41   Thumb Code     4  bsp_int.o(.text)
    BSP_IntHandlerFP                         0x00000d45   Thumb Code     4  bsp_int.o(.text)
    BSP_IntHandlerRSVD68                     0x00000d49   Thumb Code     4  bsp_int.o(.text)
    BSP_IntHandlerRSVD69                     0x00000d4d   Thumb Code     4  bsp_int.o(.text)
    BSP_IntHandlerI2C4                       0x00000d51   Thumb Code     4  bsp_int.o(.text)
    BSP_IntHandlerI2C5                       0x00000d55   Thumb Code     4  bsp_int.o(.text)
    BSP_IntHandlerGPIOM                      0x00000d59   Thumb Code     4  bsp_int.o(.text)
    BSP_IntHandlerGPION                      0x00000d5d   Thumb Code     4  bsp_int.o(.text)
    BSP_IntHandlerRSVD74                     0x00000d61   Thumb Code     4  bsp_int.o(.text)
    BSP_IntHandlerTAMPER                     0x00000d65   Thumb Code     4  bsp_int.o(.text)
    BSP_IntHandlerGPIOP0                     0x00000d69   Thumb Code     4  bsp_int.o(.text)
    BSP_IntHandlerGPIOP1                     0x00000d6d   Thumb Code     4  bsp_int.o(.text)
    BSP_IntHandlerGPIOP2                     0x00000d71   Thumb Code     4  bsp_int.o(.text)
    BSP_IntHandlerGPIOP3                     0x00000d75   Thumb Code     4  bsp_int.o(.text)
    BSP_IntHandlerGPIOP4                     0x00000d79   Thumb Code     4  bsp_int.o(.text)
    BSP_IntHandlerGPIOP5                     0x00000d7d   Thumb Code     4  bsp_int.o(.text)
    BSP_IntHandlerGPIOP6                     0x00000d81   Thumb Code     4  bsp_int.o(.text)
    BSP_IntHandlerGPIOP7                     0x00000d85   Thumb Code     4  bsp_int.o(.text)
    BSP_IntHandlerGPIOQ0                     0x00000d89   Thumb Code     4  bsp_int.o(.text)
    BSP_IntHandlerGPIOQ1                     0x00000d8d   Thumb Code     4  bsp_int.o(.text)
    BSP_IntHandlerGPIOQ2                     0x00000d91   Thumb Code     4  bsp_int.o(.text)
    BSP_IntHandlerGPIOQ3                     0x00000d95   Thumb Code     4  bsp_int.o(.text)
    BSP_IntHandlerGPIOQ4                     0x00000d99   Thumb Code     4  bsp_int.o(.text)
    BSP_IntHandlerGPIOQ5                     0x00000d9d   Thumb Code     4  bsp_int.o(.text)
    BSP_IntHandlerGPIOQ6                     0x00000da1   Thumb Code     4  bsp_int.o(.text)
    BSP_IntHandlerGPIOQ7                     0x00000da5   Thumb Code     4  bsp_int.o(.text)
    BSP_IntHandlerGPIOR                      0x00000da9   Thumb Code     4  bsp_int.o(.text)
    BSP_IntHandlerGPIOS                      0x00000dad   Thumb Code     4  bsp_int.o(.text)
    BSP_IntHandlerSHA_MD5                    0x00000db1   Thumb Code     4  bsp_int.o(.text)
    BSP_IntHandlerAES                        0x00000db5   Thumb Code     4  bsp_int.o(.text)
    BSP_IntHandlerDES                        0x00000db9   Thumb Code     4  bsp_int.o(.text)
    BSP_IntHandlerLCD                        0x00000dbd   Thumb Code     4  bsp_int.o(.text)
    BSP_IntHandlerTMR6A                      0x00000dc1   Thumb Code     4  bsp_int.o(.text)
    BSP_IntHandlerTMR6B                      0x00000dc5   Thumb Code     4  bsp_int.o(.text)
    BSP_IntHandlerTMR7A                      0x00000dc9   Thumb Code     4  bsp_int.o(.text)
    BSP_IntHandlerTMR7B                      0x00000dcd   Thumb Code     4  bsp_int.o(.text)
    BSP_IntHandlerI2C6                       0x00000dd1   Thumb Code     4  bsp_int.o(.text)
    BSP_IntHandlerI2C7                       0x00000dd5   Thumb Code     4  bsp_int.o(.text)
    BSP_IntHandlerRSVD104                    0x00000dd9   Thumb Code     4  bsp_int.o(.text)
    BSP_IntHandler1WIRE                      0x00000ddd   Thumb Code     4  bsp_int.o(.text)
    BSP_IntHandlerRSVD106                    0x00000de1   Thumb Code     4  bsp_int.o(.text)
    BSP_IntHandlerRSVD107                    0x00000de5   Thumb Code     4  bsp_int.o(.text)
    BSP_IntHandlerRSVD108                    0x00000de9   Thumb Code     4  bsp_int.o(.text)
    BSP_IntHandlerI2C8                       0x00000ded   Thumb Code     4  bsp_int.o(.text)
    BSP_IntHandlerI2C9                       0x00000df1   Thumb Code     4  bsp_int.o(.text)
    BSP_IntHandlerGPIOT                      0x00000df5   Thumb Code     4  bsp_int.o(.text)
    Reset_Handler                            0x00000e01   Thumb Code     4  cstartup.o(.text)
    App_NMI_ISR                              0x00000e05   Thumb Code     2  cstartup.o(.text)
    App_Fault_ISR                            0x00000e07   Thumb Code     2  cstartup.o(.text)
    App_MemFault_ISR                         0x00000e09   Thumb Code     2  cstartup.o(.text)
    App_BusFault_ISR                         0x00000e0b   Thumb Code     2  cstartup.o(.text)
    App_UsageFault_ISR                       0x00000e0d   Thumb Code     2  cstartup.o(.text)
    App_Spurious_ISR                         0x00000e0f   Thumb Code     2  cstartup.o(.text)
    App_Reserved_ISR                         0x00000e11   Thumb Code     2  cstartup.o(.text)
    CPU_IntDis                               0x00000e19   Thumb Code     0  cpu_a.o(.text)
    CPU_IntEn                                0x00000e1d   Thumb Code     0  cpu_a.o(.text)
    CPU_SR_Save                              0x00000e21   Thumb Code     0  cpu_a.o(.text)
    CPU_SR_Restore                           0x00000e29   Thumb Code     0  cpu_a.o(.text)
    CPU_WaitForInt                           0x00000e2f   Thumb Code     0  cpu_a.o(.text)
    CPU_WaitForExcept                        0x00000e33   Thumb Code     0  cpu_a.o(.text)
    CPU_CntLeadZeros                         0x00000e37   Thumb Code     0  cpu_a.o(.text)
    CPU_CntTrailZeros                        0x00000e3d   Thumb Code     0  cpu_a.o(.text)
    CPU_RevBits                              0x00000e47   Thumb Code     0  cpu_a.o(.text)
    CPU_BitBandClr                           0x00000e4d   Thumb Code    44  cpu_c.o(.text)
    CPU_BitBandSet                           0x00000e79   Thumb Code    44  cpu_c.o(.text)
    CPU_IntSrcDis                            0x00000ea5   Thumb Code   146  cpu_c.o(.text)
    CPU_IntSrcEn                             0x00000f37   Thumb Code   146  cpu_c.o(.text)
    CPU_IntSrcPendClr                        0x00000fc9   Thumb Code    72  cpu_c.o(.text)
    CPU_IntSrcPrioSet                        0x00001011   Thumb Code   232  cpu_c.o(.text)
    CPU_IntSrcPrioGet                        0x000010f9   Thumb Code   200  cpu_c.o(.text)
    OS_StrLen                                0x000011c9   Thumb Code    20  os_core.o(.text)
    OSEventNameGet                           0x000011dd   Thumb Code    74  os_core.o(.text)
    OSEventNameSet                           0x00001227   Thumb Code    58  os_core.o(.text)
    OS_EventTaskRemoveMulti                  0x00001261   Thumb Code    40  os_core.o(.text)
    OS_Sched                                 0x00001289   Thumb Code    64  os_core.o(.text)
    OS_EventTaskWaitMulti                    0x000012c9   Thumb Code    88  os_core.o(.text)
    OSEventPendMulti                         0x00001321   Thumb Code   410  os_core.o(.text)
    OS_TaskStatStkChk                        0x000014bb   Thumb Code    50  os_core.o(.text)
    OS_TaskStat                              0x000014ed   Thumb Code    98  os_core.o(.text)
    OS_TaskIdle                              0x0000154f   Thumb Code    22  os_core.o(.text)
    OS_MemClr                                0x00001565   Thumb Code    18  os_core.o(.text)
    OSInit                                   0x00001577   Thumb Code   172  os_core.o(.text)
    OSIntEnter                               0x00001623   Thumb Code    20  os_core.o(.text)
    OSIntExit                                0x00001637   Thumb Code    82  os_core.o(.text)
    OSSchedLock                              0x00001689   Thumb Code    38  os_core.o(.text)
    OSSchedUnlock                            0x000016af   Thumb Code    52  os_core.o(.text)
    OSStart                                  0x000016e3   Thumb Code    38  os_core.o(.text)
    OSStatInit                               0x00001709   Thumb Code    48  os_core.o(.text)
    OSTimeTick                               0x00001739   Thumb Code   154  os_core.o(.text)
    OSVersion                                0x000017d3   Thumb Code     6  os_core.o(.text)
    OS_Dummy                                 0x000017d9   Thumb Code     2  os_core.o(.text)
    OS_EventTaskRemove                       0x000017db   Thumb Code    36  os_core.o(.text)
    OS_EventTaskRdy                          0x000017ff   Thumb Code   102  os_core.o(.text)
    OS_EventTaskWait                         0x00001865   Thumb Code    68  os_core.o(.text)
    OS_EventWaitListInit                     0x000018a9   Thumb Code    20  os_core.o(.text)
    OS_MemCopy                               0x000018bd   Thumb Code    20  os_core.o(.text)
    OS_TCBInit                               0x000018d1   Thumb Code   230  os_core.o(.text)
    OSFlagAccept                             0x00001ae5   Thumb Code   154  os_flag.o(.text)
    OSFlagCreate                             0x00001b7f   Thumb Code    68  os_flag.o(.text)
    OS_FlagUnlink                            0x00001bc3   Thumb Code    32  os_flag.o(.text)
    OSFlagDel                                0x00001c29   Thumb Code   182  os_flag.o(.text)
    OSFlagNameGet                            0x00001cdf   Thumb Code    72  os_flag.o(.text)
    OSFlagNameSet                            0x00001d27   Thumb Code    50  os_flag.o(.text)
    OSFlagPend                               0x00001daf   Thumb Code   370  os_flag.o(.text)
    OSFlagPendGetFlagsRdy                    0x00001f21   Thumb Code    20  os_flag.o(.text)
    OSFlagPost                               0x00001f35   Thumb Code   212  os_flag.o(.text)
    OSFlagQuery                              0x00002009   Thumb Code    38  os_flag.o(.text)
    OS_FlagInit                              0x0000202f   Thumb Code    64  os_flag.o(.text)
    OSMemCreate                              0x00002079   Thumb Code    86  os_mem.o(.text)
    OSMemGet                                 0x000020cf   Thumb Code    48  os_mem.o(.text)
    OSMemNameGet                             0x000020ff   Thumb Code    54  os_mem.o(.text)
    OSMemNameSet                             0x00002135   Thumb Code    36  os_mem.o(.text)
    OSMemPut                                 0x00002159   Thumb Code    46  os_mem.o(.text)
    OSMemQuery                               0x00002187   Thumb Code    46  os_mem.o(.text)
    OS_MemInit                               0x000021b5   Thumb Code    62  os_mem.o(.text)
    OSTaskChangePrio                         0x00002205   Thumb Code   322  os_task.o(.text)
    OSTaskCreate                             0x00002347   Thumb Code   124  os_task.o(.text)
    OS_TaskStkClr                            0x000023c3   Thumb Code    22  os_task.o(.text)
    OSTaskCreateExt                          0x000023d9   Thumb Code   144  os_task.o(.text)
    OSTaskDel                                0x00002469   Thumb Code   274  os_task.o(.text)
    OSTaskDelReq                             0x0000257b   Thumb Code    82  os_task.o(.text)
    OSTaskNameGet                            0x000025cd   Thumb Code   138  os_task.o(.text)
    OSTaskNameSet                            0x00002657   Thumb Code    70  os_task.o(.text)
    OSTaskResume                             0x0000269d   Thumb Code   120  os_task.o(.text)
    OSTaskStkChk                             0x00002715   Thumb Code    94  os_task.o(.text)
    OSTaskSuspend                            0x00002773   Thumb Code   128  os_task.o(.text)
    OSTaskQuery                              0x000027f3   Thumb Code    74  os_task.o(.text)
    OSTaskRegGet                             0x0000283d   Thumb Code    50  os_task.o(.text)
    OSTaskRegGetID                           0x0000286f   Thumb Code    40  os_task.o(.text)
    OSTaskRegSet                             0x00002897   Thumb Code    52  os_task.o(.text)
    OS_TaskReturn                            0x000028cb   Thumb Code    18  os_task.o(.text)
    OSTimeDly                                0x000028f9   Thumb Code    82  os_time.o(.text)
    OSTimeDlyHMSM                            0x0000294b   Thumb Code    70  os_time.o(.text)
    OSTimeDlyResume                          0x00002991   Thumb Code   134  os_time.o(.text)
    OSTimeGet                                0x00002a17   Thumb Code    18  os_time.o(.text)
    OSTimeSet                                0x00002a29   Thumb Code    20  os_time.o(.text)
    OS_CPU_SR_Save                           0x00002a59   Thumb Code     0  os_cpu_a.o(.text)
    OS_CPU_SR_Restore                        0x00002a61   Thumb Code     0  os_cpu_a.o(.text)
    OSStartHighRdy                           0x00002a67   Thumb Code     0  os_cpu_a.o(.text)
    OSCtxSw                                  0x00002a8f   Thumb Code     0  os_cpu_a.o(.text)
    OSIntCtxSw                               0x00002a99   Thumb Code     0  os_cpu_a.o(.text)
    OS_CPU_PendSVHandler                     0x00002aa3   Thumb Code     0  os_cpu_a.o(.text)
    OSInitHookBegin                          0x00002b09   Thumb Code    24  os_cpu_c.o(.text)
    OSInitHookEnd                            0x00002b21   Thumb Code     2  os_cpu_c.o(.text)
    OSTaskCreateHook                         0x00002b23   Thumb Code     4  os_cpu_c.o(.text)
    OSTaskDelHook                            0x00002b27   Thumb Code     4  os_cpu_c.o(.text)
    OSTaskIdleHook                           0x00002b2b   Thumb Code     4  os_cpu_c.o(.text)
    OSTaskReturnHook                         0x00002b2f   Thumb Code     4  os_cpu_c.o(.text)
    OSTaskStatHook                           0x00002b33   Thumb Code     4  os_cpu_c.o(.text)
    OSTaskStkInit                            0x00002b37   Thumb Code   108  os_cpu_c.o(.text)
    OSTaskSwHook                             0x00002ba3   Thumb Code     4  os_cpu_c.o(.text)
    OSTCBInitHook                            0x00002ba7   Thumb Code     4  os_cpu_c.o(.text)
    OSTimeTickHook                           0x00002bab   Thumb Code     4  os_cpu_c.o(.text)
    OS_CPU_SysTickHandler                    0x00002baf   Thumb Code    30  os_cpu_c.o(.text)
    OS_CPU_SysTickInit                       0x00002bcd   Thumb Code    36  os_cpu_c.o(.text)
    OSDebugInit                              0x00002c09   Thumb Code     2  os_dbg.o(.text)
    ADCIntRegister                           0x00002c0d   Thumb Code    36  adc.o(.text)
    ADCIntUnregister                         0x00002c31   Thumb Code    40  adc.o(.text)
    ADCIntDisable                            0x00002c59   Thumb Code    12  adc.o(.text)
    ADCIntEnable                             0x00002c65   Thumb Code    14  adc.o(.text)
    ADCIntStatus                             0x00002c73   Thumb Code    44  adc.o(.text)
    ADCIntClear                              0x00002c9f   Thumb Code     8  adc.o(.text)
    ADCSequenceEnable                        0x00002ca7   Thumb Code    12  adc.o(.text)
    ADCSequenceDisable                       0x00002cb3   Thumb Code    12  adc.o(.text)
    ADCSequenceConfigure                     0x00002cbf   Thumb Code    38  adc.o(.text)
    ADCSequenceStepConfigure                 0x00002ce5   Thumb Code    98  adc.o(.text)
    ADCSequenceOverflow                      0x00002d47   Thumb Code    10  adc.o(.text)
    ADCSequenceOverflowClear                 0x00002d51   Thumb Code     8  adc.o(.text)
    ADCSequenceUnderflow                     0x00002d59   Thumb Code    10  adc.o(.text)
    ADCSequenceUnderflowClear                0x00002d63   Thumb Code     8  adc.o(.text)
    ADCSequenceDataGet                       0x00002d6b   Thumb Code    28  adc.o(.text)
    ADCProcessorTrigger                      0x00002d87   Thumb Code    22  adc.o(.text)
    ADCSoftwareOversampleConfigure           0x00002d9d   Thumb Code    20  adc.o(.text)
    ADCSoftwareOversampleStepConfigure       0x00002db1   Thumb Code   102  adc.o(.text)
    ADCSoftwareOversampleDataGet             0x00002e17   Thumb Code    48  adc.o(.text)
    ADCHardwareOversampleConfigure           0x00002e47   Thumb Code    18  adc.o(.text)
    ADCComparatorConfigure                   0x00002e59   Thumb Code    10  adc.o(.text)
    ADCComparatorRegionSet                   0x00002e63   Thumb Code    14  adc.o(.text)
    ADCComparatorReset                       0x00002e71   Thumb Code    28  adc.o(.text)
    ADCComparatorIntDisable                  0x00002e8d   Thumb Code    14  adc.o(.text)
    ADCComparatorIntEnable                   0x00002e9b   Thumb Code    14  adc.o(.text)
    ADCComparatorIntStatus                   0x00002ea9   Thumb Code     4  adc.o(.text)
    ADCComparatorIntClear                    0x00002ead   Thumb Code     4  adc.o(.text)
    ADCReferenceSet                          0x00002eb1   Thumb Code    12  adc.o(.text)
    ADCReferenceGet                          0x00002ebd   Thumb Code     8  adc.o(.text)
    ADCPhaseDelaySet                         0x00002ec5   Thumb Code     4  adc.o(.text)
    ADCPhaseDelayGet                         0x00002ec9   Thumb Code     4  adc.o(.text)
    GPIODirModeSet                           0x00002ee1   Thumb Code    38  gpio.o(.text)
    GPIODirModeGet                           0x00002f07   Thumb Code    38  gpio.o(.text)
    GPIOIntTypeSet                           0x00002f2d   Thumb Code    78  gpio.o(.text)
    GPIOIntTypeGet                           0x00002f7b   Thumb Code    68  gpio.o(.text)
    GPIOPadConfigSet                         0x00002fbf   Thumb Code   164  gpio.o(.text)
    GPIOPadConfigGet                         0x00003063   Thumb Code   110  gpio.o(.text)
    GPIOIntEnable                            0x000030d1   Thumb Code    12  gpio.o(.text)
    GPIOIntDisable                           0x000030dd   Thumb Code    12  gpio.o(.text)
    GPIOIntStatus                            0x000030e9   Thumb Code    14  gpio.o(.text)
    GPIOIntClear                             0x000030f7   Thumb Code     6  gpio.o(.text)
    GPIOIntRegister                          0x000030fd   Thumb Code    26  gpio.o(.text)
    GPIOIntUnregister                        0x00003117   Thumb Code    22  gpio.o(.text)
    GPIOPinRead                              0x0000312d   Thumb Code     6  gpio.o(.text)
    GPIOPinWrite                             0x00003133   Thumb Code     6  gpio.o(.text)
    GPIOPinTypeADC                           0x00003139   Thumb Code    26  gpio.o(.text)
    GPIOPinTypeCAN                           0x00003153   Thumb Code    26  gpio.o(.text)
    GPIOPinTypeComparator                    0x0000316d   Thumb Code    26  gpio.o(.text)
    GPIOPinTypeEPI                           0x00003187   Thumb Code    26  gpio.o(.text)
    GPIOPinTypeEthernetLED                   0x000031a1   Thumb Code    26  gpio.o(.text)
    GPIOPinTypeEthernetMII                   0x000031bb   Thumb Code    26  gpio.o(.text)
    GPIOPinTypeFan                           0x000031d5   Thumb Code    26  gpio.o(.text)
    GPIOPinTypeGPIOInput                     0x000031ef   Thumb Code    26  gpio.o(.text)
    GPIOPinTypeGPIOOutput                    0x00003209   Thumb Code    26  gpio.o(.text)
    GPIOPinTypeGPIOOutputOD                  0x00003223   Thumb Code    26  gpio.o(.text)
    GPIOPinTypeI2C                           0x0000323d   Thumb Code    26  gpio.o(.text)
    GPIOPinTypeI2CSCL                        0x00003257   Thumb Code    26  gpio.o(.text)
    GPIOPinTypeLPC                           0x00003271   Thumb Code    26  gpio.o(.text)
    GPIOPinTypePECIRx                        0x0000328b   Thumb Code    26  gpio.o(.text)
    GPIOPinTypePECITx                        0x000032a5   Thumb Code    26  gpio.o(.text)
    GPIOPinTypePWM                           0x000032bf   Thumb Code    26  gpio.o(.text)
    GPIOPinTypeQEI                           0x000032d9   Thumb Code    26  gpio.o(.text)
    GPIOPinTypeSSI                           0x000032f3   Thumb Code    26  gpio.o(.text)
    GPIOPinTypeTimer                         0x0000330d   Thumb Code    26  gpio.o(.text)
    GPIOPinTypeUART                          0x00003327   Thumb Code    26  gpio.o(.text)
    GPIOPinTypeUSBAnalog                     0x00003341   Thumb Code    26  gpio.o(.text)
    GPIOPinTypeUSBDigital                    0x0000335b   Thumb Code    26  gpio.o(.text)
    GPIOPinConfigure                         0x00003375   Thumb Code    58  gpio.o(.text)
    GPIODMATriggerEnable                     0x000033af   Thumb Code    12  gpio.o(.text)
    GPIODMATriggerDisable                    0x000033bb   Thumb Code    12  gpio.o(.text)
    GPIOADCTriggerEnable                     0x000033c7   Thumb Code    12  gpio.o(.text)
    GPIOADCTriggerDisable                    0x000033d3   Thumb Code    12  gpio.o(.text)
    I2CMasterEnable                          0x0000340d   Thumb Code    10  i2c.o(.text)
    I2CMasterInitExpClk                      0x00003417   Thumb Code    68  i2c.o(.text)
    I2CSlaveEnable                           0x0000345b   Thumb Code    16  i2c.o(.text)
    I2CSlaveInit                             0x0000346b   Thumb Code    16  i2c.o(.text)
    I2CSlaveAddressSet                       0x0000347b   Thumb Code    22  i2c.o(.text)
    I2CMasterDisable                         0x00003491   Thumb Code    10  i2c.o(.text)
    I2CSlaveDisable                          0x0000349b   Thumb Code    16  i2c.o(.text)
    I2CIntRegister                           0x000034ab   Thumb Code    26  i2c.o(.text)
    I2CIntUnregister                         0x000034c5   Thumb Code    22  i2c.o(.text)
    I2CMasterIntEnable                       0x000034db   Thumb Code     6  i2c.o(.text)
    I2CMasterIntEnableEx                     0x000034e1   Thumb Code     8  i2c.o(.text)
    I2CSlaveIntEnable                        0x000034e9   Thumb Code    14  i2c.o(.text)
    I2CSlaveIntEnableEx                      0x000034f7   Thumb Code    12  i2c.o(.text)
    I2CMasterIntDisable                      0x00003503   Thumb Code     6  i2c.o(.text)
    I2CMasterIntDisableEx                    0x00003509   Thumb Code     8  i2c.o(.text)
    I2CSlaveIntDisable                       0x00003511   Thumb Code    14  i2c.o(.text)
    I2CSlaveIntDisableEx                     0x0000351f   Thumb Code    12  i2c.o(.text)
    I2CMasterIntStatus                       0x0000352b   Thumb Code    16  i2c.o(.text)
    I2CMasterIntStatusEx                     0x0000353b   Thumb Code    10  i2c.o(.text)
    I2CSlaveIntStatus                        0x00003545   Thumb Code    20  i2c.o(.text)
    I2CSlaveIntStatusEx                      0x00003559   Thumb Code    14  i2c.o(.text)
    I2CMasterIntClear                        0x00003567   Thumb Code     8  i2c.o(.text)
    I2CMasterIntClearEx                      0x0000356f   Thumb Code     4  i2c.o(.text)
    I2CSlaveIntClear                         0x00003573   Thumb Code     8  i2c.o(.text)
    I2CSlaveIntClearEx                       0x0000357b   Thumb Code     6  i2c.o(.text)
    I2CMasterSlaveAddrSet                    0x00003581   Thumb Code     8  i2c.o(.text)
    I2CMasterLineStateGet                    0x00003589   Thumb Code     4  i2c.o(.text)
    I2CMasterBusy                            0x0000358d   Thumb Code    10  i2c.o(.text)
    I2CMasterBusBusy                         0x00003597   Thumb Code    14  i2c.o(.text)
    I2CMasterControl                         0x000035a5   Thumb Code     4  i2c.o(.text)
    I2CMasterErr                             0x000035a9   Thumb Code    22  i2c.o(.text)
    I2CMasterDataPut                         0x000035bf   Thumb Code     4  i2c.o(.text)
    I2CMasterDataGet                         0x000035c3   Thumb Code     4  i2c.o(.text)
    I2CMasterTimeoutSet                      0x000035c7   Thumb Code     4  i2c.o(.text)
    I2CSlaveACKOverride                      0x000035cb   Thumb Code    24  i2c.o(.text)
    I2CSlaveACKValueSet                      0x000035e3   Thumb Code    24  i2c.o(.text)
    I2CSlaveStatus                           0x000035fb   Thumb Code     6  i2c.o(.text)
    I2CSlaveDataPut                          0x00003601   Thumb Code     6  i2c.o(.text)
    I2CSlaveDataGet                          0x00003607   Thumb Code     6  i2c.o(.text)
    IntMasterEnable                          0x00003643   Thumb Code    14  interrupt.o(.text)
    IntMasterDisable                         0x00003651   Thumb Code    14  interrupt.o(.text)
    IntRegister                              0x0000365f   Thumb Code    38  interrupt.o(.text)
    IntUnregister                            0x00003685   Thumb Code    10  interrupt.o(.text)
    IntPriorityGroupingSet                   0x0000368f   Thumb Code    18  interrupt.o(.text)
    IntPriorityGroupingGet                   0x000036a1   Thumb Code    30  interrupt.o(.text)
    IntPrioritySet                           0x000036bf   Thumb Code    32  interrupt.o(.text)
    IntPriorityGet                           0x000036df   Thumb Code    22  interrupt.o(.text)
    IntEnable                                0x000036f5   Thumb Code    88  interrupt.o(.text)
    IntDisable                               0x0000374d   Thumb Code    88  interrupt.o(.text)
    IntIsEnabled                             0x000037a5   Thumb Code    90  interrupt.o(.text)
    IntPendSet                               0x000037ff   Thumb Code    70  interrupt.o(.text)
    IntPendClear                             0x00003845   Thumb Code    58  interrupt.o(.text)
    IntPriorityMaskSet                       0x0000387f   Thumb Code     4  interrupt.o(.text)
    IntPriorityMaskGet                       0x00003883   Thumb Code     4  interrupt.o(.text)
    IntTrigger                               0x00003887   Thumb Code     8  interrupt.o(.text)
    SysCtlSRAMSizeGet                        0x000038a9   Thumb Code    10  sysctl.o(.text)
    SysCtlFlashSizeGet                       0x000038b3   Thumb Code    16  sysctl.o(.text)
    SysCtlPeripheralPresent                  0x000038c3   Thumb Code    40  sysctl.o(.text)
    SysCtlPeripheralReady                    0x000038eb   Thumb Code    40  sysctl.o(.text)
    SysCtlPeripheralPowerOn                  0x00003913   Thumb Code    36  sysctl.o(.text)
    SysCtlPeripheralPowerOff                 0x00003937   Thumb Code    36  sysctl.o(.text)
    SysCtlPeripheralReset                    0x0000395b   Thumb Code    54  sysctl.o(.text)
    SysCtlPeripheralEnable                   0x00003991   Thumb Code    36  sysctl.o(.text)
    SysCtlPeripheralDisable                  0x000039b5   Thumb Code    36  sysctl.o(.text)
    SysCtlPeripheralSleepEnable              0x000039d9   Thumb Code    36  sysctl.o(.text)
    SysCtlPeripheralSleepDisable             0x000039fd   Thumb Code    36  sysctl.o(.text)
    SysCtlPeripheralDeepSleepEnable          0x00003a21   Thumb Code    36  sysctl.o(.text)
    SysCtlPeripheralDeepSleepDisable         0x00003a45   Thumb Code    36  sysctl.o(.text)
    SysCtlPeripheralClockGating              0x00003a69   Thumb Code    24  sysctl.o(.text)
    SysCtlIntRegister                        0x00003a81   Thumb Code    20  sysctl.o(.text)
    SysCtlIntUnregister                      0x00003a95   Thumb Code    18  sysctl.o(.text)
    SysCtlIntEnable                          0x00003aa7   Thumb Code    12  sysctl.o(.text)
    SysCtlIntDisable                         0x00003ab3   Thumb Code    12  sysctl.o(.text)
    SysCtlIntClear                           0x00003abf   Thumb Code     8  sysctl.o(.text)
    SysCtlIntStatus                          0x00003ac7   Thumb Code    14  sysctl.o(.text)
    SysCtlReset                              0x00003ad5   Thumb Code     8  sysctl.o(.text)
    SysCtlSleep                              0x00003add   Thumb Code     4  sysctl.o(.text)
    SysCtlDeepSleep                          0x00003ae1   Thumb Code    28  sysctl.o(.text)
    SysCtlResetCauseGet                      0x00003afd   Thumb Code     8  sysctl.o(.text)
    SysCtlResetCauseClear                    0x00003b05   Thumb Code    12  sysctl.o(.text)
    SysCtlMOSCConfigSet                      0x00003b11   Thumb Code     8  sysctl.o(.text)
    SysCtlPIOSCCalibrate                     0x00003b19   Thumb Code    64  sysctl.o(.text)
    SysCtlClockSet                           0x00003b59   Thumb Code   250  sysctl.o(.text)
    SysCtlClockGet                           0x00003c53   Thumb Code   274  sysctl.o(.text)
    SysCtlDeepSleepClockSet                  0x00003d65   Thumb Code     8  sysctl.o(.text)
    SysCtlPWMClockSet                        0x00003d6d   Thumb Code    14  sysctl.o(.text)
    SysCtlPWMClockGet                        0x00003d7b   Thumb Code    20  sysctl.o(.text)
    SysCtlADCSpeedSet                        0x00003d8f   Thumb Code    32  sysctl.o(.text)
    SysCtlADCSpeedGet                        0x00003daf   Thumb Code    12  sysctl.o(.text)
    SysCtlGPIOAHBEnable                      0x00003dbb   Thumb Code    18  sysctl.o(.text)
    SysCtlGPIOAHBDisable                     0x00003dcd   Thumb Code    18  sysctl.o(.text)
    SysCtlUSBPLLEnable                       0x00003ddf   Thumb Code    12  sysctl.o(.text)
    SysCtlUSBPLLDisable                      0x00003deb   Thumb Code    12  sysctl.o(.text)
    TimerEnable                              0x00003e05   Thumb Code    14  timer.o(.text)
    TimerDisable                             0x00003e13   Thumb Code    14  timer.o(.text)
    TimerConfigure                           0x00003e21   Thumb Code    34  timer.o(.text)
    TimerControlLevel                        0x00003e43   Thumb Code    22  timer.o(.text)
    TimerControlTrigger                      0x00003e59   Thumb Code    22  timer.o(.text)
    TimerControlEvent                        0x00003e6f   Thumb Code    18  timer.o(.text)
    TimerControlStall                        0x00003e81   Thumb Code    22  timer.o(.text)
    TimerControlWaitOnTrigger                0x00003e97   Thumb Code    46  timer.o(.text)
    TimerRTCEnable                           0x00003ec5   Thumb Code    10  timer.o(.text)
    TimerRTCDisable                          0x00003ecf   Thumb Code    10  timer.o(.text)
    TimerPrescaleSet                         0x00003ed9   Thumb Code    18  timer.o(.text)
    TimerPrescaleGet                         0x00003eeb   Thumb Code    12  timer.o(.text)
    TimerPrescaleMatchSet                    0x00003ef7   Thumb Code    18  timer.o(.text)
    TimerPrescaleMatchGet                    0x00003f09   Thumb Code    12  timer.o(.text)
    TimerLoadSet                             0x00003f15   Thumb Code    18  timer.o(.text)
    TimerLoadGet                             0x00003f27   Thumb Code    12  timer.o(.text)
    TimerLoadSet64                           0x00003f33   Thumb Code     6  timer.o(.text)
    TimerLoadGet64                           0x00003f39   Thumb Code    14  timer.o(.text)
    TimerValueGet                            0x00003f47   Thumb Code    12  timer.o(.text)
    TimerValueGet64                          0x00003f53   Thumb Code    14  timer.o(.text)
    TimerMatchSet                            0x00003f61   Thumb Code    18  timer.o(.text)
    TimerMatchGet                            0x00003f73   Thumb Code    12  timer.o(.text)
    TimerMatchSet64                          0x00003f7f   Thumb Code     6  timer.o(.text)
    TimerMatchGet64                          0x00003f85   Thumb Code    14  timer.o(.text)
    TimerIntRegister                         0x00003f93   Thumb Code    26  timer.o(.text)
    TimerIntUnregister                       0x00003fad   Thumb Code    22  timer.o(.text)
    TimerIntEnable                           0x00003fc3   Thumb Code     8  timer.o(.text)
    TimerIntDisable                          0x00003fcb   Thumb Code     8  timer.o(.text)
    TimerIntStatus                           0x00003fd3   Thumb Code    10  timer.o(.text)
    TimerIntClear                            0x00003fdd   Thumb Code     4  timer.o(.text)
    TimerSynchronize                         0x00003fe1   Thumb Code     4  timer.o(.text)
    UARTParityModeSet                        0x00004015   Thumb Code    12  uart.o(.text)
    UARTParityModeGet                        0x00004021   Thumb Code     8  uart.o(.text)
    UARTFIFOLevelSet                         0x00004029   Thumb Code     6  uart.o(.text)
    UARTFIFOLevelGet                         0x0000402f   Thumb Code    16  uart.o(.text)
    UARTEnable                               0x0000403f   Thumb Code    20  uart.o(.text)
    UARTDisable                              0x00004053   Thumb Code    26  uart.o(.text)
    UARTConfigSetExpClk                      0x0000406d   Thumb Code    70  uart.o(.text)
    UARTConfigGetExpClk                      0x000040b3   Thumb Code    38  uart.o(.text)
    UARTFIFOEnable                           0x000040d9   Thumb Code    10  uart.o(.text)
    UARTFIFODisable                          0x000040e3   Thumb Code    10  uart.o(.text)
    UARTEnableSIR                            0x000040ed   Thumb Code    20  uart.o(.text)
    UARTDisableSIR                           0x00004101   Thumb Code    10  uart.o(.text)
    UARTSmartCardEnable                      0x0000410b   Thumb Code    22  uart.o(.text)
    UARTSmartCardDisable                     0x00004121   Thumb Code    10  uart.o(.text)
    UARTModemControlSet                      0x0000412b   Thumb Code    12  uart.o(.text)
    UARTModemControlClear                    0x00004137   Thumb Code    12  uart.o(.text)
    UARTModemControlGet                      0x00004143   Thumb Code     8  uart.o(.text)
    UARTModemStatusGet                       0x0000414b   Thumb Code    10  uart.o(.text)
    UARTFlowControlSet                       0x00004155   Thumb Code    12  uart.o(.text)
    UARTFlowControlGet                       0x00004161   Thumb Code     8  uart.o(.text)
    UARTTxIntModeSet                         0x00004169   Thumb Code    12  uart.o(.text)
    UARTTxIntModeGet                         0x00004175   Thumb Code     8  uart.o(.text)
    UARTCharsAvail                           0x0000417d   Thumb Code    10  uart.o(.text)
    UARTSpaceAvail                           0x00004187   Thumb Code    10  uart.o(.text)
    UARTCharGetNonBlocking                   0x00004191   Thumb Code    16  uart.o(.text)
    UARTCharGet                              0x000041a1   Thumb Code    10  uart.o(.text)
    UARTCharPutNonBlocking                   0x000041ab   Thumb Code    16  uart.o(.text)
    UARTCharPut                              0x000041bb   Thumb Code    10  uart.o(.text)
    UARTBreakCtl                             0x000041c5   Thumb Code    20  uart.o(.text)
    UARTBusy                                 0x000041d9   Thumb Code     8  uart.o(.text)
    UARTIntRegister                          0x000041e1   Thumb Code    26  uart.o(.text)
    UARTIntUnregister                        0x000041fb   Thumb Code    22  uart.o(.text)
    UARTIntEnable                            0x00004211   Thumb Code     8  uart.o(.text)
    UARTIntDisable                           0x00004219   Thumb Code     8  uart.o(.text)
    UARTIntStatus                            0x00004221   Thumb Code    10  uart.o(.text)
    UARTIntClear                             0x0000422b   Thumb Code     4  uart.o(.text)
    UARTDMAEnable                            0x0000422f   Thumb Code     8  uart.o(.text)
    UARTDMADisable                           0x00004237   Thumb Code     8  uart.o(.text)
    UARTRxErrorGet                           0x0000423f   Thumb Code     8  uart.o(.text)
    UARTRxErrorClear                         0x00004247   Thumb Code     6  uart.o(.text)
    UARTClockSourceSet                       0x0000424d   Thumb Code     6  uart.o(.text)
    UARTClockSourceGet                       0x00004253   Thumb Code     6  uart.o(.text)
    UART9BitEnable                           0x00004259   Thumb Code    12  uart.o(.text)
    UART9BitDisable                          0x00004265   Thumb Code    12  uart.o(.text)
    UART9BitAddrSet                          0x00004271   Thumb Code     8  uart.o(.text)
    UART9BitAddrSend                         0x00004279   Thumb Code    38  uart.o(.text)
    __aeabi_uldivmod                         0x000042c5   Thumb Code    98  uldiv.o(.text)
    __aeabi_memcpy                           0x00004327   Thumb Code    36  memcpya.o(.text)
    __aeabi_memcpy4                          0x00004327   Thumb Code     0  memcpya.o(.text)
    __aeabi_memcpy8                          0x00004327   Thumb Code     0  memcpya.o(.text)
    __aeabi_memset                           0x0000434b   Thumb Code    14  memseta.o(.text)
    __aeabi_memset4                          0x0000434b   Thumb Code     0  memseta.o(.text)
    __aeabi_memset8                          0x0000434b   Thumb Code     0  memseta.o(.text)
    __aeabi_memclr                           0x00004359   Thumb Code     4  memseta.o(.text)
    __aeabi_memclr4                          0x00004359   Thumb Code     0  memseta.o(.text)
    __aeabi_memclr8                          0x00004359   Thumb Code     0  memseta.o(.text)
    _memset$wrapper                          0x0000435d   Thumb Code    18  memseta.o(.text)
    __aeabi_dadd                             0x0000436f   Thumb Code   322  dadd.o(.text)
    __aeabi_dsub                             0x000044b1   Thumb Code     6  dadd.o(.text)
    __aeabi_drsub                            0x000044b7   Thumb Code     6  dadd.o(.text)
    __aeabi_dmul                             0x000044bd   Thumb Code   228  dmul.o(.text)
    __ARM_scalbn                             0x000045a1   Thumb Code    46  dscalb.o(.text)
    scalbn                                   0x000045a1   Thumb Code     0  dscalb.o(.text)
    __aeabi_ui2d                             0x000045cf   Thumb Code    26  dfltui.o(.text)
    __aeabi_f2d                              0x000045e9   Thumb Code    38  f2d.o(.text)
    __aeabi_d2f                              0x0000460f   Thumb Code    56  d2f.o(.text)
    __aeabi_uidiv                            0x00004647   Thumb Code     0  uidiv.o(.text)
    __aeabi_uidivmod                         0x00004647   Thumb Code    44  uidiv.o(.text)
    __aeabi_llsl                             0x00004673   Thumb Code    30  llshl.o(.text)
    _ll_shift_l                              0x00004673   Thumb Code     0  llshl.o(.text)
    __aeabi_llsr                             0x00004691   Thumb Code    32  llushr.o(.text)
    _ll_ushift_r                             0x00004691   Thumb Code     0  llushr.o(.text)
    __aeabi_lasr                             0x000046b1   Thumb Code    36  llsshr.o(.text)
    _ll_sshift_r                             0x000046b1   Thumb Code     0  llsshr.o(.text)
    __I$use$fp                               0x000046d5   Thumb Code     0  iusefp.o(.text)
    _float_round                             0x000046d5   Thumb Code    18  fepilogue.o(.text)
    _float_epilogue                          0x000046e7   Thumb Code    92  fepilogue.o(.text)
    _double_round                            0x00004743   Thumb Code    30  depilogue.o(.text)
    _double_epilogue                         0x00004761   Thumb Code   156  depilogue.o(.text)
    __aeabi_ddiv                             0x000047fd   Thumb Code   222  ddiv.o(.text)
    __aeabi_d2ulz                            0x000048db   Thumb Code    48  dfixul.o(.text)
    __aeabi_cdrcmple                         0x0000490d   Thumb Code    48  cdrcmple.o(.text)
    __scatterload                            0x0000493d   Thumb Code    28  init.o(.text)
    __scatterload_rt2                        0x0000493d   Thumb Code     0  init.o(.text)
    __decompress                             0x00004961   Thumb Code     0  __dczerorl.o(.text)
    __decompress0                            0x00004961   Thumb Code    58  __dczerorl.o(.text)
    __0snprintf                              0x0000499d   Thumb Code    44  printfa.o(i.__0snprintf)
    __1snprintf                              0x0000499d   Thumb Code     0  printfa.o(i.__0snprintf)
    __2snprintf                              0x0000499d   Thumb Code     0  printfa.o(i.__0snprintf)
    __c89snprintf                            0x0000499d   Thumb Code     0  printfa.o(i.__0snprintf)
    snprintf                                 0x0000499d   Thumb Code     0  printfa.o(i.__0snprintf)
    __0sprintf                               0x000049cd   Thumb Code    34  printfa.o(i.__0sprintf)
    __1sprintf                               0x000049cd   Thumb Code     0  printfa.o(i.__0sprintf)
    __2sprintf                               0x000049cd   Thumb Code     0  printfa.o(i.__0sprintf)
    __c89sprintf                             0x000049cd   Thumb Code     0  printfa.o(i.__0sprintf)
    sprintf                                  0x000049cd   Thumb Code     0  printfa.o(i.__0sprintf)
    __scatterload_copy                       0x000049f5   Thumb Code    14  handlers.o(i.__scatterload_copy)
    __scatterload_null                       0x00004a03   Thumb Code     2  handlers.o(i.__scatterload_null)
    __scatterload_zeroinit                   0x00004a05   Thumb Code    14  handlers.o(i.__scatterload_zeroinit)
    OSUnMapTbl                               0x000052f8   Data         256  os_core.o(.constdata)
    Region$$Table$$Base                      0x000057c4   Number         0  anon$$obj.o(Region$$Table)
    Region$$Table$$Limit                     0x000057e4   Number         0  anon$$obj.o(Region$$Table)
    TSL2591_REGISTER_ENABLE                  0x20000000   Data           1  app.o(.data)
    TSL2591_REGISTER_DEVICE_ID               0x20000001   Data           1  app.o(.data)
    TSL2591_REGISTER_CHAN0_LOW               0x20000002   Data           1  app.o(.data)
    TSL2591_REGISTER_CHAN0_HIGH              0x20000003   Data           1  app.o(.data)
    TSL2591_REGISTER_CHAN1_LOW               0x20000004   Data           1  app.o(.data)
    TSL2591_REGISTER_CHAN1_HIGH              0x20000005   Data           1  app.o(.data)
    TSL2591_INTEGRATIONTIME_100MS            0x20000006   Data           1  app.o(.data)
    TSL2591_GAIN_MED                         0x20000007   Data           1  app.o(.data)
    dataReceived                             0x20000008   Data           1  app.o(.data)
    DevID                                    0x20000009   Data           1  app.o(.data)
    bufferIndex                              0x2000000c   Data           4  app.o(.data)
    OSCPUUsage                               0x20000010   Data           1  os_core.o(.data)
    OSStatRdy                                0x20000011   Data           1  os_core.o(.data)
    OSIntNesting                             0x20000012   Data           1  os_core.o(.data)
    OSLockNesting                            0x20000013   Data           1  os_core.o(.data)
    OSPrioCur                                0x20000014   Data           1  os_core.o(.data)
    OSPrioHighRdy                            0x20000015   Data           1  os_core.o(.data)
    OSRdyGrp                                 0x20000016   Data           1  os_core.o(.data)
    OSRunning                                0x20000017   Data           1  os_core.o(.data)
    OSTaskCtr                                0x20000018   Data           1  os_core.o(.data)
    OSTickStepState                          0x20000019   Data           1  os_core.o(.data)
    OSTaskRegNextAvailID                     0x2000001a   Data           1  os_core.o(.data)
    OSCtxSwCtr                               0x2000001c   Data           4  os_core.o(.data)
    OSEventFreeList                          0x20000020   Data           4  os_core.o(.data)
    OSIdleCtrMax                             0x20000024   Data           4  os_core.o(.data)
    OSIdleCtrRun                             0x20000028   Data           4  os_core.o(.data)
    OSIdleCtr                                0x2000002c   Data           4  os_core.o(.data)
    OSTCBCur                                 0x20000030   Data           4  os_core.o(.data)
    OSTCBFreeList                            0x20000034   Data           4  os_core.o(.data)
    OSTCBHighRdy                             0x20000038   Data           4  os_core.o(.data)
    OSTCBList                                0x2000003c   Data           4  os_core.o(.data)
    OSTime                                   0x20000040   Data           4  os_core.o(.data)
    OSRdyTbl                                 0x20000044   Data           8  os_core.o(.data)
    OSFlagFreeList                           0x2000004c   Data           4  os_core.o(.data)
    OSMemFreeList                            0x20000050   Data           4  os_core.o(.data)
    OS_CPU_ExceptStkBase                     0x20000054   Data           4  os_cpu_c.o(.data)
    uartBuffer                               0x2000066c   Data        5000  app.o(.bss)
    OSEventTbl                               0x20001bb4   Data         240  os_core.o(.bss)
    OSTaskStatStk                            0x20001ca4   Data         512  os_core.o(.bss)
    OSTaskIdleStk                            0x20001ea4   Data         512  os_core.o(.bss)
    OSTCBPrioTbl                             0x200020a4   Data         256  os_core.o(.bss)
    OSTCBTbl                                 0x200021a4   Data        1936  os_core.o(.bss)
    OSFlagTbl                                0x20002934   Data          80  os_core.o(.bss)
    OSMemTbl                                 0x20002984   Data         120  os_core.o(.bss)
    OS_CPU_ExceptStk                         0x200029fc   Data         512  os_cpu_c.o(.bss)
    __initial_sp                             0x20002e00   Data           0  cstartup.o(STACK)



==============================================================================

Memory Map of the image

  Image Entry point : 0x00000201

  Load Region LR_IROM1 (Base: 0x00000000, Size: 0x00005e50, Max: 0x00040000, ABSOLUTE, COMPRESSED[0x000057fc])

    Execution Region ER_IROM1 (Exec base: 0x00000000, Load base: 0x00000000, Size: 0x000057e4, Max: 0x00040000, ABSOLUTE)

    Exec Addr    Load Addr    Size         Type   Attr      Idx    E Section Name        Object

    0x00000000   0x00000000   0x00000200   Data   RO          296    RESET               cstartup.o
    0x00000200   0x00000200   0x00000000   Code   RO         1059  * .ARM.Collect$$$$00000000  mc_w.l(entry.o)
    0x00000200   0x00000200   0x00000004   Code   RO         1343    .ARM.Collect$$$$00000001  mc_w.l(entry2.o)
    0x00000204   0x00000204   0x00000004   Code   RO         1346    .ARM.Collect$$$$00000004  mc_w.l(entry5.o)
    0x00000208   0x00000208   0x00000000   Code   RO         1348    .ARM.Collect$$$$00000008  mc_w.l(entry7b.o)
    0x00000208   0x00000208   0x00000000   Code   RO         1350    .ARM.Collect$$$$0000000A  mc_w.l(entry8b.o)
    0x00000208   0x00000208   0x00000008   Code   RO         1351    .ARM.Collect$$$$0000000B  mc_w.l(entry9a.o)
    0x00000210   0x00000210   0x00000000   Code   RO         1353    .ARM.Collect$$$$0000000D  mc_w.l(entry10a.o)
    0x00000210   0x00000210   0x00000000   Code   RO         1355    .ARM.Collect$$$$0000000F  mc_w.l(entry11a.o)
    0x00000210   0x00000210   0x00000004   Code   RO         1344    .ARM.Collect$$$$00002712  mc_w.l(entry2.o)
    0x00000214   0x00000214   0x00000026   Code   RO          674    .emb_text           cpu.o
    0x0000023a   0x0000023a   0x00000002   PAD
    0x0000023c   0x0000023c   0x00000006   Code   RO          894    .emb_text           sysctl.o
    0x00000242   0x00000242   0x00000002   PAD
    0x00000244   0x00000244   0x00000964   Code   RO            1    .text               app.o
    0x00000ba8   0x00000ba8   0x00000010   Code   RO          112    .text               app_hooks.o
    0x00000bb8   0x00000bb8   0x00000248   Code   RO          199    .text               bsp_int.o
    0x00000e00   0x00000e00   0x00000018   Code   RO          297    .text               cstartup.o
    0x00000e18   0x00000e18   0x00000034   Code   RO          324    .text               cpu_a.o
    0x00000e4c   0x00000e4c   0x0000037c   Code   RO          327    .text               cpu_c.o
    0x000011c8   0x000011c8   0x0000091c   Code   RO          430    .text               os_core.o
    0x00001ae4   0x00001ae4   0x00000594   Code   RO          455    .text               os_flag.o
    0x00002078   0x00002078   0x0000018c   Code   RO          480    .text               os_mem.o
    0x00002204   0x00002204   0x000006f4   Code   RO          522    .text               os_task.o
    0x000028f8   0x000028f8   0x00000160   Code   RO          535    .text               os_time.o
    0x00002a58   0x00002a58   0x000000b0   Code   RO          553    .text               os_cpu_a.o
    0x00002b08   0x00002b08   0x00000100   Code   RO          556    .text               os_cpu_c.o
    0x00002c08   0x00002c08   0x00000002   Code   RO          582    .text               os_dbg.o
    0x00002c0a   0x00002c0a   0x00000002   PAD
    0x00002c0c   0x00002c0c   0x000002d4   Code   RO          607    .text               adc.o
    0x00002ee0   0x00002ee0   0x0000052c   Code   RO          740    .text               gpio.o
    0x0000340c   0x0000340c   0x00000234   Code   RO          776    .text               i2c.o
    0x00003640   0x00003640   0x00000268   Code   RO          791    .text               interrupt.o
    0x000038a8   0x000038a8   0x0000055c   Code   RO          895    .text               sysctl.o
    0x00003e04   0x00003e04   0x00000210   Code   RO          948    .text               timer.o
    0x00004014   0x00004014   0x000002b0   Code   RO          965    .text               uart.o
    0x000042c4   0x000042c4   0x00000062   Code   RO         1062    .text               mc_w.l(uldiv.o)
    0x00004326   0x00004326   0x00000024   Code   RO         1064    .text               mc_w.l(memcpya.o)
    0x0000434a   0x0000434a   0x00000024   Code   RO         1066    .text               mc_w.l(memseta.o)
    0x0000436e   0x0000436e   0x0000014e   Code   RO         1331    .text               mf_w.l(dadd.o)
    0x000044bc   0x000044bc   0x000000e4   Code   RO         1333    .text               mf_w.l(dmul.o)
    0x000045a0   0x000045a0   0x0000002e   Code   RO         1335    .text               mf_w.l(dscalb.o)
    0x000045ce   0x000045ce   0x0000001a   Code   RO         1337    .text               mf_w.l(dfltui.o)
    0x000045e8   0x000045e8   0x00000026   Code   RO         1339    .text               mf_w.l(f2d.o)
    0x0000460e   0x0000460e   0x00000038   Code   RO         1341    .text               mf_w.l(d2f.o)
    0x00004646   0x00004646   0x0000002c   Code   RO         1360    .text               mc_w.l(uidiv.o)
    0x00004672   0x00004672   0x0000001e   Code   RO         1362    .text               mc_w.l(llshl.o)
    0x00004690   0x00004690   0x00000020   Code   RO         1364    .text               mc_w.l(llushr.o)
    0x000046b0   0x000046b0   0x00000024   Code   RO         1366    .text               mc_w.l(llsshr.o)
    0x000046d4   0x000046d4   0x00000000   Code   RO         1368    .text               mc_w.l(iusefp.o)
    0x000046d4   0x000046d4   0x0000006e   Code   RO         1369    .text               mf_w.l(fepilogue.o)
    0x00004742   0x00004742   0x000000ba   Code   RO         1371    .text               mf_w.l(depilogue.o)
    0x000047fc   0x000047fc   0x000000de   Code   RO         1373    .text               mf_w.l(ddiv.o)
    0x000048da   0x000048da   0x00000030   Code   RO         1375    .text               mf_w.l(dfixul.o)
    0x0000490a   0x0000490a   0x00000002   PAD
    0x0000490c   0x0000490c   0x00000030   Code   RO         1377    .text               mf_w.l(cdrcmple.o)
    0x0000493c   0x0000493c   0x00000024   Code   RO         1379    .text               mc_w.l(init.o)
    0x00004960   0x00004960   0x0000003a   Code   RO         1391    .text               mc_w.l(__dczerorl.o)
    0x0000499a   0x0000499a   0x00000002   PAD
    0x0000499c   0x0000499c   0x00000030   Code   RO         1304    i.__0snprintf       mc_w.l(printfa.o)
    0x000049cc   0x000049cc   0x00000028   Code   RO         1305    i.__0sprintf        mc_w.l(printfa.o)
    0x000049f4   0x000049f4   0x0000000e   Code   RO         1385    i.__scatterload_copy  mc_w.l(handlers.o)
    0x00004a02   0x00004a02   0x00000002   Code   RO         1386    i.__scatterload_null  mc_w.l(handlers.o)
    0x00004a04   0x00004a04   0x0000000e   Code   RO         1387    i.__scatterload_zeroinit  mc_w.l(handlers.o)
    0x00004a12   0x00004a12   0x00000002   PAD
    0x00004a14   0x00004a14   0x00000184   Code   RO         1310    i._fp_digits        mc_w.l(printfa.o)
    0x00004b98   0x00004b98   0x000006dc   Code   RO         1311    i._printf_core      mc_w.l(printfa.o)
    0x00005274   0x00005274   0x00000024   Code   RO         1312    i._printf_post_padding  mc_w.l(printfa.o)
    0x00005298   0x00005298   0x0000002e   Code   RO         1313    i._printf_pre_padding  mc_w.l(printfa.o)
    0x000052c6   0x000052c6   0x00000016   Code   RO         1314    i._snputc           mc_w.l(printfa.o)
    0x000052dc   0x000052dc   0x0000000a   Code   RO         1315    i._sputc            mc_w.l(printfa.o)
    0x000052e6   0x000052e6   0x00000002   PAD
    0x000052e8   0x000052e8   0x00000010   Data   RO            3    .constdata          app.o
    0x000052f8   0x000052f8   0x00000100   Data   RO          434    .constdata          os_core.o
    0x000053f8   0x000053f8   0x00000138   Data   RO          741    .constdata          gpio.o
    0x00005530   0x00005530   0x00000030   Data   RO          777    .constdata          i2c.o
    0x00005560   0x00005560   0x0000010c   Data   RO          792    .constdata          interrupt.o
    0x0000566c   0x0000566c   0x0000006c   Data   RO          896    .constdata          sysctl.o
    0x000056d8   0x000056d8   0x00000060   Data   RO          949    .constdata          timer.o
    0x00005738   0x00005738   0x00000040   Data   RO          966    .constdata          uart.o
    0x00005778   0x00005778   0x00000049   Data   RO            4    .conststring        app.o
    0x000057c1   0x000057c1   0x00000003   PAD
    0x000057c4   0x000057c4   0x00000020   Data   RO         1383    Region$$Table       anon$$obj.o


    Execution Region RW_IRAM1 (Exec base: 0x20000000, Load base: 0x000057e4, Size: 0x00002e00, Max: 0x00008000, ABSOLUTE, COMPRESSED[0x00000018])

    Exec Addr    Load Addr    Size         Type   Attr      Idx    E Section Name        Object

    0x20000000   COMPRESSED   0x00000010   Data   RW            5    .data               app.o
    0x20000010   COMPRESSED   0x0000003c   Data   RW          435    .data               os_core.o
    0x2000004c   COMPRESSED   0x00000004   Data   RW          436    .data               os_core.o
    0x20000050   COMPRESSED   0x00000004   Data   RW          437    .data               os_core.o
    0x20000054   COMPRESSED   0x00000004   Data   RW          558    .data               os_cpu_c.o
    0x20000058   COMPRESSED   0x00000003   Data   RW          608    .data               adc.o
    0x2000005b   COMPRESSED   0x000003a5   PAD
    0x20000400   COMPRESSED   0x0000026c   Data   RW          793    vtable              interrupt.o
    0x2000066c        -       0x00001388   Zero   RW            2    .bss                app.o
    0x200019f4        -       0x000001c0   Zero   RW          200    .bss                bsp_int.o
    0x20001bb4        -       0x00000d80   Zero   RW          431    .bss                os_core.o
    0x20002934        -       0x00000050   Zero   RW          432    .bss                os_core.o
    0x20002984        -       0x00000078   Zero   RW          433    .bss                os_core.o
    0x200029fc        -       0x00000200   Zero   RW          557    .bss                os_cpu_c.o
    0x20002bfc   COMPRESSED   0x00000004   PAD
    0x20002c00        -       0x00000200   Zero   RW          294    STACK               cstartup.o


==============================================================================

Image component sizes


      Code (inc. data)   RO Data    RW Data    ZI Data      Debug   Object Name

       724         20          0          3          0       9497   adc.o
      2404        514         89         16       5000      16246   app.o
        16          0          0          0          0      10431   app_hooks.o
         0          0          0          0          0       7856   bsp.o
       584          8          0          0        448      14526   bsp_int.o
        38          0          0          0          0        616   cpu.o
        52          0          0          0          0        404   cpu_a.o
       892         72          0          0          0       3481   cpu_c.o
        24          6        512          0        512        740   cstartup.o
      1324         10        312          0          0      12620   gpio.o
       564         18         48          0          0       9506   i2c.o
       616         26        268        620          0       4976   interrupt.o
      2332         92        256         68       3656      19215   os_core.o
       176         36          0          0          0        472   os_cpu_a.o
       256         24          0          4        512      11936   os_cpu_c.o
         2          0          0          0          0        582   os_dbg.o
      1428         40          0          0          0       7706   os_flag.o
       396         18          0          0          0       3416   os_mem.o
      1780         72          0          0          0       9038   os_task.o
       352         28          0          0          0       1978   os_time.o
      1378         80        108          0          0       9479   sysctl.o
       528          6         96          0          0       8838   timer.o
       688          4         64          0          0      10958   uart.o

    ----------------------------------------------------------------------
     16560       1074       1788       1644      10132     174517   Object Totals
         0          0         32          0          0          0   (incl. Generated)
         6          0          3        933          4          0   (incl. Padding)

    ----------------------------------------------------------------------

      Code (inc. data)   RO Data    RW Data    ZI Data      Debug   Library Member Name

        58          0          0          0          0          0   __dczerorl.o
         0          0          0          0          0          0   entry.o
         0          0          0          0          0          0   entry10a.o
         0          0          0          0          0          0   entry11a.o
         8          4          0          0          0          0   entry2.o
         4          0          0          0          0          0   entry5.o
         0          0          0          0          0          0   entry7b.o
         0          0          0          0          0          0   entry8b.o
         8          4          0          0          0          0   entry9a.o
        30          0          0          0          0          0   handlers.o
        36          8          0          0          0         68   init.o
         0          0          0          0          0          0   iusefp.o
        30          0          0          0          0         68   llshl.o
        36          0          0          0          0         68   llsshr.o
        32          0          0          0          0         68   llushr.o
        36          0          0          0          0         68   memcpya.o
        36          0          0          0          0        108   memseta.o
      2346         90          0          0          0        672   printfa.o
        44          0          0          0          0         80   uidiv.o
        98          0          0          0          0         92   uldiv.o
        48          0          0          0          0         68   cdrcmple.o
        56          0          0          0          0         88   d2f.o
       334          0          0          0          0        148   dadd.o
       222          0          0          0          0        100   ddiv.o
       186          0          0          0          0        176   depilogue.o
        48          0          0          0          0         68   dfixul.o
        26          0          0          0          0         76   dfltui.o
       228          0          0          0          0         96   dmul.o
        46          0          0          0          0         80   dscalb.o
        38          0          0          0          0         68   f2d.o
       110          0          0          0          0        168   fepilogue.o

    ----------------------------------------------------------------------
      4152        106          0          0          0       2428   Library Totals
         8          0          0          0          0          0   (incl. Padding)

    ----------------------------------------------------------------------

      Code (inc. data)   RO Data    RW Data    ZI Data      Debug   Library Name

      2802        106          0          0          0       1292   mc_w.l
      1342          0          0          0          0       1136   mf_w.l

    ----------------------------------------------------------------------
      4152        106          0          0          0       2428   Library Totals

    ----------------------------------------------------------------------

==============================================================================


      Code (inc. data)   RO Data    RW Data    ZI Data      Debug   

     20712       1180       1788       1644      10132     173017   Grand Totals
     20712       1180       1788         24      10132     173017   ELF Image Totals (compressed)
     20712       1180       1788         24          0          0   ROM Totals

==============================================================================

    Total RO  Size (Code + RO Data)                22500 (  21.97kB)
    Total RW  Size (RW Data + ZI Data)             11776 (  11.50kB)
    Total ROM Size (Code + RO Data + RW Data)      22524 (  22.00kB)

==============================================================================

